QQuickBorderImage/default.png qtquick2/border-image-icon16.png
QQuickFlickable/default.png qtquick2/flickable-icon16.png
QQuickFlipable/default.png qtquick2/flipable-icon16.png
QQuickFocusScope/default.png qtquick2/focusscope-icon16.png
QQuickGridView/default.png qtquick2/gridview-icon16.png
QQuickImage/default.png qtquick2/image-icon16.png
QQuickItem/default.png qtquick2/item-icon16.png
QQuickListView/default.png qtquick2/listview-icon16.png
QQuickMouseArea/default.png qtquick2/mouse-area-icon16.png
QQuickPathView/default.png qtquick2/pathview-icon16.png
QQuickRectangle/default.png qtquick2/rect-icon16.png
QQuickTextEdit/default.png qtquick2/text-edit-icon16.png
QQuickText/default.png qtquick2/text-icon16.png
QQuickTextInput/default.png qtquick2/text-input-icon16.png
QQuickWebView/default.png qtquick2/webview-icon16.png

QDateTimeEdit/default.png qtwidgets/datetimeedit.png
QTextEdit/default.png qtwidgets/textedit.png
QCalendarWidget/default.png qtwidgets/calendarwidget.png
QProgressBar/default.png qtwidgets/progress.png
QAbstractScrollArea/default.png qtwidgets/scrollarea.png
QLineEdit/default.png qtwidgets/lineedit.png
QDockWidget/default.png qtwidgets/dockwidget.png
QScrollBar/default.png qtwidgets/vscrollbar.png
QComboBox/default.png qtwidgets/combobox.png
QCommandLinkButton/default.png qtwidgets/commandlinkbutton.png
QWizard/default.png qtwidgets/wizard.png
QWidget/default.png qtwidgets/widget.png
QSpinBox/default.png qtwidgets/spinbox.png
QScrollBar/orientation=Horizontal.png qtwidgets/hscrollbar.png
QCheckBox/default.png qtwidgets/checkbox.png
QTabWidget/default.png qtwidgets/tabwidget.png
QDateEdit/default.png qtwidgets/dateedit.png
QLabel/default.png qtwidgets/label.png
QListView/default.png qtwidgets/listbox.png
QColumnView/default.png qtwidgets/columnview.png
QDial/default.png qtwidgets/dial.png
QFrame/default.png qtwidgets/frame.png
QTabBar/default.png qtwidgets/tabbar.png
QSlider/default.png qtwidgets/hslider.png
QGroupBox/default.png qtwidgets/groupbox.png
QGraphicsView/default.png qtwidgets/graphicsview.png
QMdiArea/default.png qtwidgets/mdiarea.png
QFontComboBox/default.png qtwidgets/fontcombobox.png
QDialogButtonBox/default.png qtwidgets/dialogbuttonbox.png
QToolBox/default.png qtwidgets/toolbox.png
QTimeEdit/default.png qtwidgets/timeedit.png
QPlainTextEdit/default.png qtwidgets/plaintextedit.png
QSlider/orientation=Vertical.png qtwidgets/vslider.png
QDoubleSpinBox/default.png qtwidgets/doublespinbox.png
QLCDNumber/default.png qtwidgets/lcdnumber.png
QToolButton/default.png qtwidgets/toolbutton.png
QTableView/default.png qtwidgets/table.png
QStackedWidget/default.png qtwidgets/widgetstack.png
QRadioButton/default.png qtwidgets/radiobutton.png
QPushButton/default.png qtwidgets/pushbutton.png
QAbstractItemView/default.png qtwidgets/listview.png
QSplitter/orientation=Horizontal.png qtwidgets/edithlayoutsplit.png
QHBoxLayout/default.png qtwidgets/edithlayout.png
QGridLayout/default.png qtwidgets/editgrid.png
QSplitter/default.png qtwidgets/editvlayoutsplit.png
QVBoxLayout/default.png qtwidgets/editvlayout.png
QFormLayout/default.png qtwidgets/editform.png
